{"17085":{"County Name":"Jo Daviess County, Illinois","2018 Food Insecurity %":0.09,"[Revised Projections \u2013 Oct 2020] \n2020 Food Insecurity  %":0.133,"2018 Child Food Insecurity  %":0.128,"[Revised Projections \u2013 Oct 2020] \n2020 Child Food Insecurity  %":0.212},"17087":{"County Name":"Johnson County, Illinois","2018 Food Insecurity %":0.119,"[Revised Projections \u2013 Oct 2020] \n2020 Food Insecurity  %":0.163,"2018 Child Food Insecurity  %":0.182,"[Revised Projections \u2013 Oct 2020] \n2020 Child Food Insecurity  %":0.268},"17089":{"County Name":"Kane County, Illinois","2018 Food Insecurity %":0.071,"[Revised Projections \u2013 Oct 2020] \n2020 Food Insecurity  %":0.116,"2018 Child Food Insecurity  %":0.094,"[Revised Projections \u2013 Oct 2020] \n2020 Child Food Insecurity  %":0.183},"17091":{"County Name":"Kankakee County, Illinois","2018 Food Insecurity %":0.116,"[Revised Projections \u2013 Oct 2020] \n2020 Food Insecurity  %":0.157,"2018 Child Food Insecurity  %":0.157,"[Revised Projections \u2013 Oct 2020] \n2020 Child Food Insecurity  %":0.238},"17093":{"County Name":"Kendall County, Illinois","2018 Food Insecurity %":0.048,"[Revised Projections \u2013 Oct 2020] \n2020 Food Insecurity  %":0.092,"2018 Child Food Insecurity  %":0.064,"[Revised Projections \u2013 Oct 2020] \n2020 Child Food Insecurity  %":0.15}}