{
    "17085":{
        "NAME":"JO DAVIESS",
        "race_amer_indian_or_alaskan_native":0,
        "race_asian":0,
        "race_black":1,
        "race_native_hawaii_or_pacific_islander":0,
        "race_white":36,
        "race_multiracial":0,
        "total":37,
        "hispanic_or_latino":9
    }
}